error[E0716]: temporary value dropped while borrowed
  --> tests/compile_fail/filter_builder_ownership.rs:16:26
   |
16 |     let filter_builder = empty::<User>()
   |                          ^^^^^^^^^^^^^^^ creates a temporary value which is freed while still in use
17 |         .eq::<user_fields::Name, _>("John".to_string())
18 |         .gt::<user_fields::Age, _>(18);
   |                                       - temporary value is freed at the end of this statement
...
21 |     let _filter_doc = filter_builder.and(); // Error: value used after move
   |                       -------------- borrow later used here
   |
help: consider using a `let` binding to create a longer lived value
   |
16 ~     let mut binding = empty::<User>();
17 ~     let filter_builder = binding
   |
