warning: unused imports: `FieldName` and `HasField`
 --> tests/compile_fail/mongo_collection_type.rs:3:50
  |
3 | use tnuctipun::{FieldWitnesses, MongoComparable, HasField, FieldName};
  |                                                  ^^^^^^^^  ^^^^^^^^^
  |
  = note: `#[warn(unused_imports)]` on by default

error[E0277]: the trait bound `CustomProduct: MongoComparable<CustomCollection, std::string::String>` is not satisfied
  --> tests/compile_fail/mongo_collection_type.rs:33:42
   |
33 |     assert_implements_mongo_comparable::<CustomProduct,
   |                                          ^^^^^^^^^^^^^ the trait `MongoComparable<CustomCollection, std::string::String>` is not implemented for `CustomProduct`
   |
   = help: the following other types implement trait `MongoComparable<A, B>`:
             `CustomProduct` implements `MongoComparable<CustomCollection, CustomCollection>`
             `CustomProduct` implements `MongoComparable<std::string::String, std::string::String>`
note: required by a bound in `assert_implements_mongo_comparable`
  --> tests/compile_fail/mongo_collection_type.rs:22:12
   |
20 |     fn assert_implements_mongo_comparable<T, A, B>()
   |        ---------------------------------- required by a bound in this function
21 |     where
22 |         T: MongoComparableTrait<A, B>
   |            ^^^^^^^^^^^^^^^^^^^^^^^^^^ required by this bound in `assert_implements_mongo_comparable`
